Spawned child process 5108
Process 5108 exited: 0
Spawned child process 5116
Process 5116 exited: 71
